../Core/Src/MCAL/MSPI/MSPI_Program.c:45:6:MSPI1_voidInit	4	static
../Core/Src/MCAL/MSPI/MSPI_Program.c:148:6:MSPI2_voidInit	4	static
../Core/Src/MCAL/MSPI/MSPI_Program.c:251:6:MSPI3_voidInit	4	static
../Core/Src/MCAL/MSPI/MSPI_Program.c:354:6:MSPI4_voidInit	4	static
../Core/Src/MCAL/MSPI/MSPI_Program.c:458:5:MSPI1_u8SendData	16	static
../Core/Src/MCAL/MSPI/MSPI_Program.c:476:5:MSPI2_u8SendData	16	static
../Core/Src/MCAL/MSPI/MSPI_Program.c:494:5:MSPI3_u8SendData	16	static
../Core/Src/MCAL/MSPI/MSPI_Program.c:512:5:MSPI4_u8SendData	16	static
../Core/Src/MCAL/MSPI/MSPI_Program.c:529:6:MSPI1_voidSetCallBack	16	static
../Core/Src/MCAL/MSPI/MSPI_Program.c:541:6:MSPI2_voidSetCallBack	16	static
../Core/Src/MCAL/MSPI/MSPI_Program.c:553:6:MSPI3_voidSetCallBack	16	static
../Core/Src/MCAL/MSPI/MSPI_Program.c:565:6:MSPI4_voidSetCallBack	16	static
../Core/Src/MCAL/MSPI/MSPI_Program.c:569:6:SPI1_IRQHandler	8	static
../Core/Src/MCAL/MSPI/MSPI_Program.c:573:6:SPI2_IRQHandler	8	static
../Core/Src/MCAL/MSPI/MSPI_Program.c:577:6:SPI3_IRQHandler	8	static
../Core/Src/MCAL/MSPI/MSPI_Program.c:581:6:SPI4_IRQHandler	8	static
